apiVersion: v1
kind: ConfigMap
metadata:
  name: test-t757gk2bmf
  namespace: default
data:
  key: value
---
apiVersion: v1
kind: ConfigMap
metadata:
  name: test-t757gk2bmf
  namespace: kube-system
data:
  key: value
---
apiVersion: v1
kind: Secret
metadata:
  name: test-bgd6bkgdm2
  namespace: default
type: Opaque
data:
  password: c29tZXB3
  username: YWRtaW4=
---
apiVersion: v1
kind: Secret
metadata:
  name: test-bgd6bkgdm2
  namespace: kube-system
type: Opaque
data:
  password: c29tZXB3
  username: YWRtaW4=
