apiVersion: v1
kind: ConfigMap
metadata:
  name: cm-updated
  namespace: newNs
  annotations:
    theConfigMap: cm-updated
    theNamespace: newNs
data:
  theConfigMap: cm-updated
  theNamespace: newNs
---
apiVersion: v1
kind: Namespace
metadata:
  name: newNs
  annotations:
    theConfigMap: cm-updated
    theNamespace: newNs
