kind: GeneratedEnv
apiVersion: v1
metadata:
  name: hello
env:
  pwd: /private/var/folders/1q/tc1h4kdj0cq39d3zr36vbpkw0000gn/T/TestPluginEnvironment3307845109/001
  kustomize_plugin_home: /Users/rindrics/github/misc/kustomize/plugin
  kustomize_plugin_config_root: /private/var/folders/1q/tc1h4kdj0cq39d3zr36vbpkw0000gn/T/TestPluginEnvironment3307845109/001
