apiVersion: apps/v1
kind: StatefulSet
metadata:
  name: elasticsearch
  namespace: dev
spec:
  template:
    spec:
      containers:
      - name: elasticsearch
        env:
        - name: DISCOVERY_SERVICE
          value: elasticsearch.monitoring.svc.cluster.local
        - name: DISCOVERY_PROTOCOL
          value: TCP
---
apiVersion: v1
kind: Service
metadata:
  name: elasticsearch
  namespace: dev
spec:
  ports:
  - name: transport
    port: 9300
    protocol: TCP
  clusterIP: None
---
apiVersion: apps/v1
kind: StatefulSet
metadata:
  name: elasticsearch
  namespace: test
spec:
  template:
    spec:
      containers:
      - name: elasticsearch
        env:
        - name: DISCOVERY_SERVICE
          value: elasticsearch.monitoring.svc.cluster.local
        - name: DISCOVERY_PROTOCOL
          value: UDP
---
apiVersion: v1
kind: Service
metadata:
  name: elasticsearch
  namespace: test
spec:
  ports:
  - name: transport
    port: 9300
    protocol: UDP
  clusterIP: None
