apiVersion: v1
kind: Namespace
metadata:
  name: myNs
  annotations:
    config.kubernetes.io/origin: |
      path: ../base/namespace.yaml
---
apiVersion: v1
kind: Role
metadata:
  name: p-b-myRole
  annotations:
    config.kubernetes.io/origin: |
      path: ../base/role.yaml
---
apiVersion: v1
kind: Service
metadata:
  name: p-b-myService
  annotations:
    config.kubernetes.io/origin: |
      path: ../base/service.yaml
---
apiVersion: v1
kind: Deployment
metadata:
  name: p-b-myDep
  annotations:
    config.kubernetes.io/origin: |
      path: ../base/deployment.yaml
---
apiVersion: v1
kind: Service
metadata:
  name: p-myService2
  annotations:
    config.kubernetes.io/origin: |
      path: service.yaml
---
apiVersion: v1
kind: Namespace
metadata:
  name: myNs2
  annotations:
    config.kubernetes.io/origin: |
      path: namespace.yaml
