apiVersion: v1
kind: Deployment
metadata:
  name: comp-storefront
spec:
  replicas: 3
---
apiVersion: v1
kind: ConfigMap
metadata:
  name: comp-my-configmap-97647ckcmg
data:
  compValue: red
  otherValue: green
  testValue: blue
---
apiVersion: v1
kind: Deployment
metadata:
  name: comp-db
spec:
  type: Logical
---
apiVersion: v1
kind: Deployment
metadata:
  name: comp-stub
spec:
  replicas: 1
