apiVersion: apps/v1
kind: Deployment
metadata:
  name: theDeployment
  annotations:
    river: mississippi
spec:
  template:
    spec:
      containers:
      - name: test
    metadata:
      annotations:
        river: mississippi
---
apiVersion: v1
kind: ConfigMap
metadata:
  name: theConfigMap-hdd8h8cgdt
  annotations:
    river: mississippi
data:
  waterway: mississippi
