apiVersion: apps/v1
kind: Deployment
metadata:
  name: gcp-emea-prod-foo
spec:
  template:
    spec:
      containers:
      - image: whatever
  replicas: 999
---
apiVersion: apps/v1
kind: Deployment
metadata:
  name: gcp-emea-foo
spec:
  template:
    spec:
      containers:
      - image: whatever
