apiVersion: apps/v1
kind: Deployment
metadata:
  name: deploy1
spec:
  template:
    metadata:
      labels:
        old-label: old-value
        some-label: some-value
    spec:
      containers:
      - name: nginx
        image: nginx:1.7.9
        env:
        - name: SOMEENV
          value: SOMEVALUE
